============================= test session starts ==============================
platform darwin -- Python 3.9.18, pytest-7.3.2, pluggy-1.0.0
rootdir: /Users/Saurav/Documents/Repositories/superside-interview
plugins: anyio-3.7.1
collected 3 items

test_api_module.py ...                                                   [100%]

============================== 3 passed in 0.95s ===============================
